Generated on 2025-12-01 16:34:31 by gEcon ver. 1.2.3 (2025-04-13)
http://gecon.r-forge.r-project.org/

Model name: simple_rbc_eire_model

1 ERROR, see bottom of this logfile


Block: CONSUMER
 Definitions:
    u[] = (-1 + C[]^(1 - sigma)) * (1 - sigma)^-1 - phi * (1 + eta)^-1 * L_s[]^(1 + eta)
 Controls:
    K_s[], C[], L_s[], I[]
 Objective:
    U[] = u[] + beta * E[][U[1]]    (lambda__CONSUMER_U[])
 Constraints:
    pi[] - C[] - I[] + K_s[-1] * r[] + L_s[] * W[] = 0    (lambda_c[])
    -K_s + I[] + K_s[-1] * (1 - delta) = 0    (lambda__CONSUMER_2[])

Block: FIRM
 Controls:
    Y[], K_d[], L_d[], pi[]
 Objective:
    PI[] = pi[]    (lambda__FIRM_PI[])
 Constraints:
    -Y[] + A[] * K_d[]^alpha * L_d[]^(1 - alpha) = 0    (lambda__FIRM_1[])
    pi[] - Y[] + r[] * K_d[] + L_d[] * W[] = 0    (lambda__FIRM_2[])

Block: EQUILIBRIUM
 Identities:
    L_s[] - L_d[] = 0
    K_s[-1] - K_d[] = 0

Block: EXOG
 Identities:
    -A[] + exp(epsilon_A[] + rho * log(A[-1])) = 0


1 ERROR
(gEcon model error 1): "K_s" treated both as a variable and a parameter in block CONSUMER; you might have forgotten "[]"
